// Jest Snapshot v1, https://goo.gl/fbAQLP

exports[`Clock Options Tests component matches snapshot 1`] = `
<div
  className="overlay open"
  id="myNav"
>
  <a
    className="closebtn"
    href="javascript:void(0)"
    onClick={[Function]}
  >
    Ã—
  </a>
  <div
    className="overlay-content"
  >
    <div
      className="option-div"
    >
      <div
        className="option-label"
      >
        Time: 
      </div>
      <div
        className="input-time"
      >
        <input
          className="hour"
          data-state="time"
          maxLength={3}
          min="1"
          onChange={[Function]}
          placeholder="hh"
          type="number"
          value={1}
        />
        <input
          className="dot-separator"
          disabled={true}
          placeholder=":"
          type="text"
        />
        <input
          className="minute"
          data-state="time"
          maxLength={3}
          min="1"
          onChange={[Function]}
          placeholder="mm"
          type="number"
          value={1}
        />
        <input
          className="dot-separator"
          disabled={true}
          placeholder=":"
          type="text"
        />
        <input
          className="second"
          data-state="time"
          maxLength={3}
          min="1"
          onChange={[Function]}
          placeholder="ss"
          type="number"
          value={1}
        />
      </div>
    </div>
    <div
      className="option-div"
    >
      <div
        className="option-label"
      >
        Breaks: 
      </div>
      <div
        className="input-time"
      >
        <input
          className="minuteBreak"
          data-state="timeBreak"
          maxLength={3}
          min="1"
          onChange={[Function]}
          placeholder="mm"
          type="number"
          value={1}
        />
        <input
          className="dot-separator"
          disabled={true}
          placeholder=":"
          type="text"
        />
        <input
          className="secondBreak"
          data-state="timeBreak"
          maxLength={3}
          min="1"
          onChange={[Function]}
          placeholder="ss"
          type="number"
          value={1}
        />
      </div>
    </div>
    <div
      className="option-div"
    >
      <div
        className="option-label"
      >
        Repeats: 
      </div>
      <div
        className="input-time"
      >
        <input
          className="repeat tempRepeat"
          data-state="repeats"
          maxLength={3}
          min="1"
          onChange={[Function]}
          type="number"
          value=""
        />
      </div>
    </div>
  </div>
</div>
`;
